../Core/Src/freertos.c:138:6:MX_FREERTOS_Init	8	static
../Core/Src/freertos.c:183:6:Mainfunc	16	static
../Core/Src/freertos.c:311:6:CalcFunc	40	static
../Core/Src/freertos.c:371:6:HAL_UART_RxCpltCallback	24	static
../Core/Src/freertos.c:497:6:inverse_leg_kinematics	120	static
../Core/Src/freertos.c:577:6:inverse_kinematics_all	32	static
../Core/Src/freertos.c:622:6:load_leg_position	40	static
../Core/Src/freertos.c:632:6:load_angles	8	static
../Core/Src/freertos.c:661:6:Stand	8	static
../Core/Src/freertos.c:668:6:Gait_controller	24	static
../Core/Src/freertos.c:836:5:angle_to_pulse	24	static
../Core/Src/freertos.c:848:6:Rise	16	static
