../Core/Src/freertos.c:155:6:MX_FREERTOS_Init	8	static
../Core/Src/freertos.c:200:6:Mainfunc	136	static
../Core/Src/freertos.c:408:6:CalcFunc	32	static
../Core/Src/freertos.c:508:6:HAL_UART_RxCpltCallback	88	static
../Core/Src/freertos.c:657:6:HAL_ADC_ConvCpltCallback	16	static
../Core/Src/freertos.c:667:7:clamp	24	static
../Core/Src/freertos.c:673:6:inverse_leg_kinematics	136	static
../Core/Src/freertos.c:773:6:inverse_kinematics_all	8	static
../Core/Src/freertos.c:780:6:load_leg_position	40	static
../Core/Src/freertos.c:790:6:load_angles	8	static
../Core/Src/freertos.c:810:6:Stand	8	static
../Core/Src/freertos.c:817:6:Gait_controller	32	static
../Core/Src/freertos.c:876:5:angle_to_pulse	24	static
../Core/Src/freertos.c:888:6:Rise	16	static
../Core/Src/freertos.c:921:7:bezier_5th	80	static
../Core/Src/freertos.c:938:7:swing_bezier_z	16	static
../Core/Src/freertos.c:943:6:leg_cycle	96	static
../Core/Src/freertos.c:1020:7:generate_smooth_xy_trajectory	32	static
../Core/Src/freertos.c:1025:7:generate_smooth_z_trajectory	16	static
../Core/Src/freertos.c:1029:7:generate_step_z_trajectory	32	static
../Core/Src/freertos.c:1047:6:Walk_Forward_Test	40	static
../Core/Src/freertos.c:1071:6:Square_Test	32	static
../Core/Src/freertos.c:1127:6:HiWave	16	static
../Core/Src/freertos.c:1161:6:Scratch	16	static
